[11:55:05] identifying as: flyrank-polite-scraper/1.0 (+https://github.com/Nevvyboi/polite-scraper; nevintom2018@gmail.com)
[11:55:08] robots: no policy published (404), using the 1.0s floor
[11:55:09] listing page 1: 20 products (20 so far) [cached]
[11:55:11] listing page 2: 20 products (40 so far)
[11:55:12] listing page 3: 20 products (60 so far)
[11:55:14] listing page 4: 20 products (80 so far)
[11:55:16] listing page 5: 20 products (100 so far)
[11:55:17] listing page 6: 20 products (120 so far)
[11:55:19] listing page 7: 20 products (140 so far)
[11:55:21] listing page 8: 20 products (160 so far)
[11:55:23] listing page 9: 20 products (180 so far)
[11:55:24] listing page 10: 20 products (200 so far)
[11:55:26] listing page 11: 20 products (220 so far)
[11:55:28] listing page 12: 20 products (240 so far)
[11:55:30] listing page 13: 20 products (260 so far)
[11:55:31] listing page 14: 20 products (280 so far)
[11:55:33] listing page 15: 20 products (300 so far)
[11:55:35] listing page 16: 20 products (320 so far)
[11:55:37] listing page 17: 20 products (340 so far)
[11:55:38] listing page 18: 20 products (360 so far)
[11:55:40] listing page 19: 20 products (380 so far)
[11:55:42] listing page 20: 20 products (400 so far)
[11:55:44] listing page 21: 20 products (420 so far)
[11:55:45] listing page 22: 20 products (440 so far)
[11:55:47] listing page 23: 20 products (460 so far)
[11:55:49] listing page 24: 20 products (480 so far)
[11:55:51] listing page 25: 20 products (500 so far)
[11:55:52] listing page 26: 20 products (520 so far)
[11:55:53] listing page 27: 20 products (540 so far)
[11:55:55] listing page 28: 20 products (560 so far)
[11:55:56] listing page 29: 20 products (580 so far)
[11:55:58] listing page 30: 20 products (600 so far)
[11:56:00] listing page 31: 20 products (620 so far)
[11:56:02] listing page 32: 20 products (640 so far)
[11:56:03] listing page 33: 20 products (660 so far)
[11:56:05] listing page 34: 20 products (680 so far)
[11:56:07] listing page 35: 20 products (700 so far)
[11:56:08] listing page 36: 20 products (720 so far)
[11:56:11] listing page 37: 20 products (740 so far)
[11:56:12] listing page 38: 20 products (760 so far)
[11:56:14] listing page 39: 20 products (780 so far)
[11:56:16] listing page 40: 20 products (800 so far)
[11:56:17] listing page 41: 20 products (820 so far)
[11:56:19] listing page 42: 20 products (840 so far)
[11:56:21] listing page 43: 20 products (860 so far)
[11:56:23] listing page 44: 20 products (880 so far)
[11:56:24] listing page 45: 20 products (900 so far)
[11:56:26] listing page 46: 20 products (920 so far)
[11:56:27] listing page 47: 20 products (940 so far)
[11:56:29] listing page 48: 20 products (960 so far)
[11:56:31] listing page 49: 20 products (980 so far)
[11:56:32] listing page 50: 20 products (1000 so far)
[11:56:32] discovered 1000 product pages
[11:57:02] 20/1000 processed
[11:57:32] 40/1000 processed
[11:58:01] 60/1000 processed
[11:58:32] 80/1000 processed
[11:59:03] 100/1000 processed
[11:59:34] 120/1000 processed
[12:00:05] 140/1000 processed
[12:00:36] 160/1000 processed
[12:01:06] 180/1000 processed
[12:01:37] 200/1000 processed
[12:02:07] 220/1000 processed
[12:02:38] 240/1000 processed
[12:03:08] 260/1000 processed
[12:03:40] 280/1000 processed
[12:04:10] 300/1000 processed
[12:04:41] 320/1000 processed
[12:05:12] 340/1000 processed
[12:05:43] 360/1000 processed
[12:06:13] 380/1000 processed
[12:06:44] 400/1000 processed
[12:07:15] 420/1000 processed
[12:07:46] 440/1000 processed
[12:08:16] 460/1000 processed
[12:08:47] 480/1000 processed
[12:09:18] 500/1000 processed
[12:09:48] 520/1000 processed
[12:10:20] 540/1000 processed
[12:10:51] 560/1000 processed
[12:11:22] 580/1000 processed
[12:11:54] 600/1000 processed
[12:12:25] 620/1000 processed
[12:12:56] 640/1000 processed
[12:13:27] 660/1000 processed
[12:13:57] 680/1000 processed
[12:14:28] 700/1000 processed
[12:14:58] 720/1000 processed
[12:15:29] 740/1000 processed
[12:16:00] 760/1000 processed
[12:16:31] 780/1000 processed
[12:17:02] 800/1000 processed
[12:17:32] 820/1000 processed
[12:18:03] 840/1000 processed
[12:18:34] 860/1000 processed
[12:19:05] 880/1000 processed
[12:19:35] 900/1000 processed
[12:20:06] 920/1000 processed
[12:20:36] 940/1000 processed
[12:21:07] 960/1000 processed
[12:21:38] 980/1000 processed
[12:22:09] 1000/1000 processed

{
  "records": {
    "new": 1000,
    "updated": 0,
    "skipped": 0,
    "refused": 0,
    "unparsable": 0,
    "failed": 0
  },
  "http": {
    "network_requests": 1051,
    "served_from_cache": 0,
    "not_modified_304": 6,
    "refused_by_robots": 0,
    "retries": 0,
    "failed": 0,
    "kb_downloaded": 21294.3,
    "seconds_spent_waiting": 1043.3,
    "smallest_gap_between_requests": 1.235
  },
  "corpus": {
    "file": "out/corpus.jsonl",
    "lines": 1000
  },
  "database": {
    "books": 1000,
    "categories": 50,
    "mean_price": 35.07,
    "missing_description": 2,
    "in_stock": 1000
  },
  "wall_clock_seconds": 1623.4
}
[12:22:09] report written to out/run-report.json
