[12:27:16] offline: reading the cache only, no requests will be made
[12:27:16] listing page 1: 20 products (20 so far) [cached]
[12:27:16] listing page 2: 20 products (40 so far) [cached]
[12:27:16] listing page 3: 20 products (60 so far) [cached]
[12:27:16] listing page 4: 20 products (80 so far) [cached]
[12:27:16] listing page 5: 20 products (100 so far) [cached]
[12:27:16] listing page 6: 20 products (120 so far) [cached]
[12:27:16] listing page 7: 20 products (140 so far) [cached]
[12:27:16] listing page 8: 20 products (160 so far) [cached]
[12:27:16] listing page 9: 20 products (180 so far) [cached]
[12:27:16] listing page 10: 20 products (200 so far) [cached]
[12:27:16] listing page 11: 20 products (220 so far) [cached]
[12:27:16] listing page 12: 20 products (240 so far) [cached]
[12:27:16] listing page 13: 20 products (260 so far) [cached]
[12:27:16] listing page 14: 20 products (280 so far) [cached]
[12:27:16] listing page 15: 20 products (300 so far) [cached]
[12:27:16] listing page 16: 20 products (320 so far) [cached]
[12:27:16] listing page 17: 20 products (340 so far) [cached]
[12:27:16] listing page 18: 20 products (360 so far) [cached]
[12:27:16] listing page 19: 20 products (380 so far) [cached]
[12:27:16] listing page 20: 20 products (400 so far) [cached]
[12:27:16] listing page 21: 20 products (420 so far) [cached]
[12:27:16] listing page 22: 20 products (440 so far) [cached]
[12:27:16] listing page 23: 20 products (460 so far) [cached]
[12:27:16] listing page 24: 20 products (480 so far) [cached]
[12:27:16] listing page 25: 20 products (500 so far) [cached]
[12:27:16] listing page 26: 20 products (520 so far) [cached]
[12:27:16] listing page 27: 20 products (540 so far) [cached]
[12:27:16] listing page 28: 20 products (560 so far) [cached]
[12:27:16] listing page 29: 20 products (580 so far) [cached]
[12:27:16] listing page 30: 20 products (600 so far) [cached]
[12:27:16] listing page 31: 20 products (620 so far) [cached]
[12:27:16] listing page 32: 20 products (640 so far) [cached]
[12:27:16] listing page 33: 20 products (660 so far) [cached]
[12:27:16] listing page 34: 20 products (680 so far) [cached]
[12:27:16] listing page 35: 20 products (700 so far) [cached]
[12:27:16] listing page 36: 20 products (720 so far) [cached]
[12:27:16] listing page 37: 20 products (740 so far) [cached]
[12:27:16] listing page 38: 20 products (760 so far) [cached]
[12:27:16] listing page 39: 20 products (780 so far) [cached]
[12:27:16] listing page 40: 20 products (800 so far) [cached]
[12:27:16] listing page 41: 20 products (820 so far) [cached]
[12:27:16] listing page 42: 20 products (840 so far) [cached]
[12:27:16] listing page 43: 20 products (860 so far) [cached]
[12:27:16] listing page 44: 20 products (880 so far) [cached]
[12:27:16] listing page 45: 20 products (900 so far) [cached]
[12:27:16] listing page 46: 20 products (920 so far) [cached]
[12:27:16] listing page 47: 20 products (940 so far) [cached]
[12:27:16] listing page 48: 20 products (960 so far) [cached]
[12:27:16] listing page 49: 20 products (980 so far) [cached]
[12:27:16] listing page 50: 20 products (1000 so far) [cached]
[12:27:16] discovered 1000 product pages
[12:27:16] 20/1000 processed
[12:27:16] 40/1000 processed
[12:27:16] 60/1000 processed
[12:27:16] 80/1000 processed
[12:27:16] 100/1000 processed
[12:27:17] 120/1000 processed
[12:27:17] 140/1000 processed
[12:27:17] 160/1000 processed
[12:27:17] 180/1000 processed
[12:27:17] 200/1000 processed
[12:27:17] 220/1000 processed
[12:27:17] 240/1000 processed
[12:27:17] 260/1000 processed
[12:27:17] 280/1000 processed
[12:27:17] 300/1000 processed
[12:27:17] 320/1000 processed
[12:27:17] 340/1000 processed
[12:27:17] 360/1000 processed
[12:27:17] 380/1000 processed
[12:27:17] 400/1000 processed
[12:27:17] 420/1000 processed
[12:27:17] 440/1000 processed
[12:27:17] 460/1000 processed
[12:27:18] 480/1000 processed
[12:27:18] 500/1000 processed
[12:27:18] 520/1000 processed
[12:27:18] 540/1000 processed
[12:27:18] 560/1000 processed
[12:27:18] 580/1000 processed
[12:27:18] 600/1000 processed
[12:27:18] 620/1000 processed
[12:27:18] 640/1000 processed
[12:27:18] 660/1000 processed
[12:27:18] 680/1000 processed
[12:27:18] 700/1000 processed
[12:27:18] 720/1000 processed
[12:27:18] 740/1000 processed
[12:27:18] 760/1000 processed
[12:27:18] 780/1000 processed
[12:27:18] 800/1000 processed
[12:27:18] 820/1000 processed
[12:27:19] 840/1000 processed
[12:27:19] 860/1000 processed
[12:27:19] 880/1000 processed
[12:27:19] 900/1000 processed
[12:27:19] 920/1000 processed
[12:27:19] 940/1000 processed
[12:27:19] 960/1000 processed
[12:27:19] 980/1000 processed
[12:27:19] 1000/1000 processed

{
  "records": {
    "new": 1000,
    "updated": 0,
    "skipped": 0,
    "refused": 0,
    "unparsable": 0,
    "failed": 0
  },
  "http": {
    "network_requests": 0,
    "served_from_cache": 1050,
    "not_modified_304": 0,
    "refused_by_robots": 0,
    "retries": 0,
    "failed": 0,
    "kb_downloaded": 0.0,
    "seconds_spent_waiting": 0.0,
    "smallest_gap_between_requests": null
  },
  "corpus": {
    "file": "out/corpus.jsonl",
    "lines": 1000
  },
  "database": {
    "books": 1000,
    "categories": 50,
    "mean_price": 35.07,
    "missing_description": 2,
    "in_stock": 1000
  },
  "wall_clock_seconds": 3.1
}
[12:27:19] report written to out/offline-rebuild-report.json
